MarioBross 2.X

Time: 100
Points: 0
Lives: 3

     0   1   2   3   4   5   6   7   8   9   10  11  12  13  14  15  16  17  18  19  20  21  22  23  24  25  26  27  28  29 
   ┌————————————————————————————————————————————————————————————————————————————————————————————————————————————————————————┐
  0┃                                                                             🐻                                         ┃0
  1┃                                                                                                                        ┃1
  2┃                                                                                                                        ┃2
  3┃                                                                                                                        ┃3
  4┃                                                                                                                        ┃4
  5┃                        ▓▓▓▓                                                                            ▓▓▓▓            ┃5
  6┃                                                                                                    ▓▓▓▓▓▓▓▓            ┃6
  7┃                                                                                                ▓▓▓▓▓▓▓▓▓▓▓▓            ┃7
  8┃                                                                                            ▓▓▓▓▓▓▓▓▓▓▓▓▓▓▓▓            ┃8
  9┃        ▓▓▓▓        ▓▓▓▓▓▓▓▓▓▓▓▓                                                        ▓▓▓▓▓▓▓▓▓▓▓▓▓▓▓▓▓▓▓▓            ┃9
 10┃                                                                                    ▓▓▓▓▓▓▓▓▓▓▓▓▓▓▓▓▓▓▓▓▓▓▓▓            ┃10
 11┃ 🧍                                                                             ▓▓▓▓▓▓▓▓▓▓▓▓▓▓▓▓▓▓▓▓▓▓▓▓▓▓▓▓            ┃11
 12┃ 🧍                                 ▓▓▓▓        ▓▓▓▓                        ▓▓▓▓▓▓▓▓▓▓▓▓▓▓▓▓▓▓▓▓▓▓▓▓▓▓▓▓▓▓▓▓         🚪 ┃12
 13┃▓▓▓▓▓▓▓▓▓▓▓▓▓▓▓▓▓▓▓▓▓▓▓▓▓▓▓▓▓▓▓▓▓▓▓▓▓▓▓▓▓▓▓▓▓▓▓▓▓▓▓▓▓▓▓▓▓▓▓▓        ▓▓▓▓▓▓▓▓▓▓▓▓▓▓▓▓▓▓▓▓▓▓▓▓▓▓▓▓▓▓▓▓▓▓▓▓▓▓▓▓▓▓▓▓▓▓▓▓▓▓▓▓┃13
 14┃▓▓▓▓▓▓▓▓▓▓▓▓▓▓▓▓▓▓▓▓▓▓▓▓▓▓▓▓▓▓▓▓▓▓▓▓▓▓▓▓▓▓▓▓▓▓▓▓▓▓▓▓▓▓▓▓▓▓▓▓        ▓▓▓▓▓▓▓▓▓▓▓▓▓▓▓▓▓▓▓▓▓▓▓▓▓▓▓▓▓▓▓▓▓▓▓▓▓▓▓▓▓▓▓▓▓▓▓▓▓▓▓▓┃14
   └————————————————————————————————————————————————————————————————————————————————————————————————————————————————————————┘
     0   1   2   3   4   5   6   7   8   9   10  11  12  13  14  15  16  17  18  19  20  21  22  23  24  25  26  27  28  29 

Command > [DEBUG] Executing: help

Available commands:
   [a]dd[O]bject <object_description>: adds to the board the object given by object_description.
      <object_description> = (col,row) objName [dir [BIG|SMALL]]. Ej. (12,3) Mario LEFT SMALL
   [a]ction [[R]IGHT | [L]EFT | [U]P | [D]OWN | [S]TOP]+: user performs actions
   [u]pdate | "": user does not perform any action
   [r]eset [numLevel]: reset the game to initial configuration if not numLevel else load the numLevel map
   [h]elp: print this help message
   [e]xit: exits the game

Command > [DEBUG] Executing: reset 1

Time: 100
Points: 0
Lives: 3

     0   1   2   3   4   5   6   7   8   9   10  11  12  13  14  15  16  17  18  19  20  21  22  23  24  25  26  27  28  29 
   ┌————————————————————————————————————————————————————————————————————————————————————————————————————————————————————————┐
  0┃                                                                             🐻                                         ┃0
  1┃                                                                                                                        ┃1
  2┃                                                                                                                        ┃2
  3┃                                                                                                                        ┃3
  4┃                         🐻                                                                                             ┃4
  5┃                        ▓▓▓▓                                                                            ▓▓▓▓            ┃5
  6┃                                                                                                    ▓▓▓▓▓▓▓▓            ┃6
  7┃                                                                                                ▓▓▓▓▓▓▓▓▓▓▓▓            ┃7
  8┃                                                                                            ▓▓▓▓▓▓▓▓▓▓▓▓▓▓▓▓            ┃8
  9┃        ▓▓▓▓        ▓▓▓▓▓▓▓▓▓▓▓▓                                                        ▓▓▓▓▓▓▓▓▓▓▓▓▓▓▓▓▓▓▓▓            ┃9
 10┃                                         🐻                                         ▓▓▓▓▓▓▓▓▓▓▓▓▓▓▓▓▓▓▓▓▓▓▓▓            ┃10
 11┃ 🧍                                                                             ▓▓▓▓▓▓▓▓▓▓▓▓▓▓▓▓▓▓▓▓▓▓▓▓▓▓▓▓            ┃11
 12┃ 🧍                      🐻      🐻 ▓▓▓▓     🐻 ▓▓▓▓     🐻                 ▓▓▓▓▓▓▓▓▓▓▓▓▓▓▓▓▓▓▓▓▓▓▓▓▓▓▓▓▓▓▓▓         🚪 ┃12
 13┃▓▓▓▓▓▓▓▓▓▓▓▓▓▓▓▓▓▓▓▓▓▓▓▓▓▓▓▓▓▓▓▓▓▓▓▓▓▓▓▓▓▓▓▓▓▓▓▓▓▓▓▓▓▓▓▓▓▓▓▓        ▓▓▓▓▓▓▓▓▓▓▓▓▓▓▓▓▓▓▓▓▓▓▓▓▓▓▓▓▓▓▓▓▓▓▓▓▓▓▓▓▓▓▓▓▓▓▓▓▓▓▓▓┃13
 14┃▓▓▓▓▓▓▓▓▓▓▓▓▓▓▓▓▓▓▓▓▓▓▓▓▓▓▓▓▓▓▓▓▓▓▓▓▓▓▓▓▓▓▓▓▓▓▓▓▓▓▓▓▓▓▓▓▓▓▓▓        ▓▓▓▓▓▓▓▓▓▓▓▓▓▓▓▓▓▓▓▓▓▓▓▓▓▓▓▓▓▓▓▓▓▓▓▓▓▓▓▓▓▓▓▓▓▓▓▓▓▓▓▓┃14
   └————————————————————————————————————————————————————————————————————————————————————————————————————————————————————————┘
     0   1   2   3   4   5   6   7   8   9   10  11  12  13  14  15  16  17  18  19  20  21  22  23  24  25  26  27  28  29 

Command > [DEBUG] Executing: exit

Player leaves the game
