MarioBross 2.X

Time: 100
Points: 0
Lives: 3

     0   1   2   3   4   5   6   7   8   9   10  11  12  13  14  15  16  17  18  19  20  21  22  23  24  25  26  27  28  29 
   ┌————————————————————————————————————————————————————————————————————————————————————————————————————————————————————————┐
  0┃                                                                             🐻                                         ┃0
  1┃                                                                                                                        ┃1
  2┃                                                                                                                        ┃2
  3┃                                                                                                                        ┃3
  4┃                         🐻                                                                                             ┃4
  5┃                        ▓▓▓▓                                                                            ▓▓▓▓            ┃5
  6┃                                                                                                    ▓▓▓▓▓▓▓▓            ┃6
  7┃                                                                                                ▓▓▓▓▓▓▓▓▓▓▓▓            ┃7
  8┃                                                                                            ▓▓▓▓▓▓▓▓▓▓▓▓▓▓▓▓            ┃8
  9┃        ▓▓▓▓        ▓▓▓▓▓▓▓▓▓▓▓▓                                                        ▓▓▓▓▓▓▓▓▓▓▓▓▓▓▓▓▓▓▓▓            ┃9
 10┃                                         🐻                                         ▓▓▓▓▓▓▓▓▓▓▓▓▓▓▓▓▓▓▓▓▓▓▓▓            ┃10
 11┃ 🧍                                                                             ▓▓▓▓▓▓▓▓▓▓▓▓▓▓▓▓▓▓▓▓▓▓▓▓▓▓▓▓            ┃11
 12┃ 🧍                      🐻      🐻 ▓▓▓▓     🐻 ▓▓▓▓     🐻                 ▓▓▓▓▓▓▓▓▓▓▓▓▓▓▓▓▓▓▓▓▓▓▓▓▓▓▓▓▓▓▓▓         🚪 ┃12
 13┃▓▓▓▓▓▓▓▓▓▓▓▓▓▓▓▓▓▓▓▓▓▓▓▓▓▓▓▓▓▓▓▓▓▓▓▓▓▓▓▓▓▓▓▓▓▓▓▓▓▓▓▓▓▓▓▓▓▓▓▓        ▓▓▓▓▓▓▓▓▓▓▓▓▓▓▓▓▓▓▓▓▓▓▓▓▓▓▓▓▓▓▓▓▓▓▓▓▓▓▓▓▓▓▓▓▓▓▓▓▓▓▓▓┃13
 14┃▓▓▓▓▓▓▓▓▓▓▓▓▓▓▓▓▓▓▓▓▓▓▓▓▓▓▓▓▓▓▓▓▓▓▓▓▓▓▓▓▓▓▓▓▓▓▓▓▓▓▓▓▓▓▓▓▓▓▓▓        ▓▓▓▓▓▓▓▓▓▓▓▓▓▓▓▓▓▓▓▓▓▓▓▓▓▓▓▓▓▓▓▓▓▓▓▓▓▓▓▓▓▓▓▓▓▓▓▓▓▓▓▓┃14
   └————————————————————————————————————————————————————————————————————————————————————————————————————————————————————————┘
     0   1   2   3   4   5   6   7   8   9   10  11  12  13  14  15  16  17  18  19  20  21  22  23  24  25  26  27  28  29 

Command > [DEBUG] Executing: ao (10,0) Goomba

Time: 100
Points: 0
Lives: 3

     0   1   2   3   4   5   6   7   8   9   10  11  12  13  14  15  16  17  18  19  20  21  22  23  24  25  26  27  28  29 
   ┌————————————————————————————————————————————————————————————————————————————————————————————————————————————————————————┐
  0┃                                                                             🐻                                         ┃0
  1┃                                                                                                                        ┃1
  2┃                                                                                                                        ┃2
  3┃                                                                                                                        ┃3
  4┃                         🐻                                                                                             ┃4
  5┃                        ▓▓▓▓                                                                            ▓▓▓▓            ┃5
  6┃                                                                                                    ▓▓▓▓▓▓▓▓            ┃6
  7┃                                                                                                ▓▓▓▓▓▓▓▓▓▓▓▓            ┃7
  8┃                                                                                            ▓▓▓▓▓▓▓▓▓▓▓▓▓▓▓▓            ┃8
  9┃        ▓▓▓▓        ▓▓▓▓▓▓▓▓▓▓▓▓                                                        ▓▓▓▓▓▓▓▓▓▓▓▓▓▓▓▓▓▓▓▓            ┃9
 10┃ 🐻                                      🐻                                         ▓▓▓▓▓▓▓▓▓▓▓▓▓▓▓▓▓▓▓▓▓▓▓▓            ┃10
 11┃ 🧍                                                                             ▓▓▓▓▓▓▓▓▓▓▓▓▓▓▓▓▓▓▓▓▓▓▓▓▓▓▓▓            ┃11
 12┃ 🧍                      🐻      🐻 ▓▓▓▓     🐻 ▓▓▓▓     🐻                 ▓▓▓▓▓▓▓▓▓▓▓▓▓▓▓▓▓▓▓▓▓▓▓▓▓▓▓▓▓▓▓▓         🚪 ┃12
 13┃▓▓▓▓▓▓▓▓▓▓▓▓▓▓▓▓▓▓▓▓▓▓▓▓▓▓▓▓▓▓▓▓▓▓▓▓▓▓▓▓▓▓▓▓▓▓▓▓▓▓▓▓▓▓▓▓▓▓▓▓        ▓▓▓▓▓▓▓▓▓▓▓▓▓▓▓▓▓▓▓▓▓▓▓▓▓▓▓▓▓▓▓▓▓▓▓▓▓▓▓▓▓▓▓▓▓▓▓▓▓▓▓▓┃13
 14┃▓▓▓▓▓▓▓▓▓▓▓▓▓▓▓▓▓▓▓▓▓▓▓▓▓▓▓▓▓▓▓▓▓▓▓▓▓▓▓▓▓▓▓▓▓▓▓▓▓▓▓▓▓▓▓▓▓▓▓▓        ▓▓▓▓▓▓▓▓▓▓▓▓▓▓▓▓▓▓▓▓▓▓▓▓▓▓▓▓▓▓▓▓▓▓▓▓▓▓▓▓▓▓▓▓▓▓▓▓▓▓▓▓┃14
   └————————————————————————————————————————————————————————————————————————————————————————————————————————————————————————┘
     0   1   2   3   4   5   6   7   8   9   10  11  12  13  14  15  16  17  18  19  20  21  22  23  24  25  26  27  28  29 

Command > [DEBUG] Executing: action up up up

Time: 99
Points: 100
Lives: 3

     0   1   2   3   4   5   6   7   8   9   10  11  12  13  14  15  16  17  18  19  20  21  22  23  24  25  26  27  28  29 
   ┌————————————————————————————————————————————————————————————————————————————————————————————————————————————————————————┐
  0┃                                                                                                                        ┃0
  1┃                                                                             🐻                                         ┃1
  2┃                                                                                                                        ┃2
  3┃                                                                                                                        ┃3
  4┃                     🐻                                                                                                 ┃4
  5┃                        ▓▓▓▓                                                                            ▓▓▓▓            ┃5
  6┃                                                                                                    ▓▓▓▓▓▓▓▓            ┃6
  7┃                                                                                                ▓▓▓▓▓▓▓▓▓▓▓▓            ┃7
  8┃                                                                                            ▓▓▓▓▓▓▓▓▓▓▓▓▓▓▓▓            ┃8
  9┃ 🧍     ▓▓▓▓        ▓▓▓▓▓▓▓▓▓▓▓▓                                                        ▓▓▓▓▓▓▓▓▓▓▓▓▓▓▓▓▓▓▓▓            ┃9
 10┃                                                                                    ▓▓▓▓▓▓▓▓▓▓▓▓▓▓▓▓▓▓▓▓▓▓▓▓            ┃10
 11┃                                         🐻                                     ▓▓▓▓▓▓▓▓▓▓▓▓▓▓▓▓▓▓▓▓▓▓▓▓▓▓▓▓            ┃11
 12┃                     🐻      🐻     ▓▓▓▓ 🐻     ▓▓▓▓ 🐻                     ▓▓▓▓▓▓▓▓▓▓▓▓▓▓▓▓▓▓▓▓▓▓▓▓▓▓▓▓▓▓▓▓         🚪 ┃12
 13┃▓▓▓▓▓▓▓▓▓▓▓▓▓▓▓▓▓▓▓▓▓▓▓▓▓▓▓▓▓▓▓▓▓▓▓▓▓▓▓▓▓▓▓▓▓▓▓▓▓▓▓▓▓▓▓▓▓▓▓▓        ▓▓▓▓▓▓▓▓▓▓▓▓▓▓▓▓▓▓▓▓▓▓▓▓▓▓▓▓▓▓▓▓▓▓▓▓▓▓▓▓▓▓▓▓▓▓▓▓▓▓▓▓┃13
 14┃▓▓▓▓▓▓▓▓▓▓▓▓▓▓▓▓▓▓▓▓▓▓▓▓▓▓▓▓▓▓▓▓▓▓▓▓▓▓▓▓▓▓▓▓▓▓▓▓▓▓▓▓▓▓▓▓▓▓▓▓        ▓▓▓▓▓▓▓▓▓▓▓▓▓▓▓▓▓▓▓▓▓▓▓▓▓▓▓▓▓▓▓▓▓▓▓▓▓▓▓▓▓▓▓▓▓▓▓▓▓▓▓▓┃14
   └————————————————————————————————————————————————————————————————————————————————————————————————————————————————————————┘
     0   1   2   3   4   5   6   7   8   9   10  11  12  13  14  15  16  17  18  19  20  21  22  23  24  25  26  27  28  29 

Command > [DEBUG] Executing: reset

Time: 100
Points: 100
Lives: 3

     0   1   2   3   4   5   6   7   8   9   10  11  12  13  14  15  16  17  18  19  20  21  22  23  24  25  26  27  28  29 
   ┌————————————————————————————————————————————————————————————————————————————————————————————————————————————————————————┐
  0┃                                                                             🐻                                         ┃0
  1┃                                                                                                                        ┃1
  2┃                                                                                                                        ┃2
  3┃                                                                                                                        ┃3
  4┃                         🐻                                                                                             ┃4
  5┃                        ▓▓▓▓                                                                            ▓▓▓▓            ┃5
  6┃                                                                                                    ▓▓▓▓▓▓▓▓            ┃6
  7┃                                                                                                ▓▓▓▓▓▓▓▓▓▓▓▓            ┃7
  8┃                                                                                            ▓▓▓▓▓▓▓▓▓▓▓▓▓▓▓▓            ┃8
  9┃        ▓▓▓▓        ▓▓▓▓▓▓▓▓▓▓▓▓                                                        ▓▓▓▓▓▓▓▓▓▓▓▓▓▓▓▓▓▓▓▓            ┃9
 10┃                                         🐻                                         ▓▓▓▓▓▓▓▓▓▓▓▓▓▓▓▓▓▓▓▓▓▓▓▓            ┃10
 11┃ 🧍                                                                             ▓▓▓▓▓▓▓▓▓▓▓▓▓▓▓▓▓▓▓▓▓▓▓▓▓▓▓▓            ┃11
 12┃ 🧍                      🐻      🐻 ▓▓▓▓     🐻 ▓▓▓▓     🐻                 ▓▓▓▓▓▓▓▓▓▓▓▓▓▓▓▓▓▓▓▓▓▓▓▓▓▓▓▓▓▓▓▓         🚪 ┃12
 13┃▓▓▓▓▓▓▓▓▓▓▓▓▓▓▓▓▓▓▓▓▓▓▓▓▓▓▓▓▓▓▓▓▓▓▓▓▓▓▓▓▓▓▓▓▓▓▓▓▓▓▓▓▓▓▓▓▓▓▓▓        ▓▓▓▓▓▓▓▓▓▓▓▓▓▓▓▓▓▓▓▓▓▓▓▓▓▓▓▓▓▓▓▓▓▓▓▓▓▓▓▓▓▓▓▓▓▓▓▓▓▓▓▓┃13
 14┃▓▓▓▓▓▓▓▓▓▓▓▓▓▓▓▓▓▓▓▓▓▓▓▓▓▓▓▓▓▓▓▓▓▓▓▓▓▓▓▓▓▓▓▓▓▓▓▓▓▓▓▓▓▓▓▓▓▓▓▓        ▓▓▓▓▓▓▓▓▓▓▓▓▓▓▓▓▓▓▓▓▓▓▓▓▓▓▓▓▓▓▓▓▓▓▓▓▓▓▓▓▓▓▓▓▓▓▓▓▓▓▓▓┃14
   └————————————————————————————————————————————————————————————————————————————————————————————————————————————————————————┘
     0   1   2   3   4   5   6   7   8   9   10  11  12  13  14  15  16  17  18  19  20  21  22  23  24  25  26  27  28  29 

Command > [DEBUG] Executing: ao (12,2) Goomba LEFT

Time: 100
Points: 100
Lives: 3

     0   1   2   3   4   5   6   7   8   9   10  11  12  13  14  15  16  17  18  19  20  21  22  23  24  25  26  27  28  29 
   ┌————————————————————————————————————————————————————————————————————————————————————————————————————————————————————————┐
  0┃                                                                             🐻                                         ┃0
  1┃                                                                                                                        ┃1
  2┃                                                                                                                        ┃2
  3┃                                                                                                                        ┃3
  4┃                         🐻                                                                                             ┃4
  5┃                        ▓▓▓▓                                                                            ▓▓▓▓            ┃5
  6┃                                                                                                    ▓▓▓▓▓▓▓▓            ┃6
  7┃                                                                                                ▓▓▓▓▓▓▓▓▓▓▓▓            ┃7
  8┃                                                                                            ▓▓▓▓▓▓▓▓▓▓▓▓▓▓▓▓            ┃8
  9┃        ▓▓▓▓        ▓▓▓▓▓▓▓▓▓▓▓▓                                                        ▓▓▓▓▓▓▓▓▓▓▓▓▓▓▓▓▓▓▓▓            ┃9
 10┃                                         🐻                                         ▓▓▓▓▓▓▓▓▓▓▓▓▓▓▓▓▓▓▓▓▓▓▓▓            ┃10
 11┃ 🧍                                                                             ▓▓▓▓▓▓▓▓▓▓▓▓▓▓▓▓▓▓▓▓▓▓▓▓▓▓▓▓            ┃11
 12┃ 🧍      🐻              🐻      🐻 ▓▓▓▓     🐻 ▓▓▓▓     🐻                 ▓▓▓▓▓▓▓▓▓▓▓▓▓▓▓▓▓▓▓▓▓▓▓▓▓▓▓▓▓▓▓▓         🚪 ┃12
 13┃▓▓▓▓▓▓▓▓▓▓▓▓▓▓▓▓▓▓▓▓▓▓▓▓▓▓▓▓▓▓▓▓▓▓▓▓▓▓▓▓▓▓▓▓▓▓▓▓▓▓▓▓▓▓▓▓▓▓▓▓        ▓▓▓▓▓▓▓▓▓▓▓▓▓▓▓▓▓▓▓▓▓▓▓▓▓▓▓▓▓▓▓▓▓▓▓▓▓▓▓▓▓▓▓▓▓▓▓▓▓▓▓▓┃13
 14┃▓▓▓▓▓▓▓▓▓▓▓▓▓▓▓▓▓▓▓▓▓▓▓▓▓▓▓▓▓▓▓▓▓▓▓▓▓▓▓▓▓▓▓▓▓▓▓▓▓▓▓▓▓▓▓▓▓▓▓▓        ▓▓▓▓▓▓▓▓▓▓▓▓▓▓▓▓▓▓▓▓▓▓▓▓▓▓▓▓▓▓▓▓▓▓▓▓▓▓▓▓▓▓▓▓▓▓▓▓▓▓▓▓┃14
   └————————————————————————————————————————————————————————————————————————————————————————————————————————————————————————┘
     0   1   2   3   4   5   6   7   8   9   10  11  12  13  14  15  16  17  18  19  20  21  22  23  24  25  26  27  28  29 

Command > [DEBUG] Executing: 

Time: 99
Points: 200
Lives: 3

     0   1   2   3   4   5   6   7   8   9   10  11  12  13  14  15  16  17  18  19  20  21  22  23  24  25  26  27  28  29 
   ┌————————————————————————————————————————————————————————————————————————————————————————————————————————————————————————┐
  0┃                                                                                                                        ┃0
  1┃                                                                             🐻                                         ┃1
  2┃                                                                                                                        ┃2
  3┃                                                                                                                        ┃3
  4┃                     🐻                                                                                                 ┃4
  5┃                        ▓▓▓▓                                                                            ▓▓▓▓            ┃5
  6┃                                                                                                    ▓▓▓▓▓▓▓▓            ┃6
  7┃                                                                                                ▓▓▓▓▓▓▓▓▓▓▓▓            ┃7
  8┃                                                                                            ▓▓▓▓▓▓▓▓▓▓▓▓▓▓▓▓            ┃8
  9┃        ▓▓▓▓        ▓▓▓▓▓▓▓▓▓▓▓▓                                                        ▓▓▓▓▓▓▓▓▓▓▓▓▓▓▓▓▓▓▓▓            ┃9
 10┃                                                                                    ▓▓▓▓▓▓▓▓▓▓▓▓▓▓▓▓▓▓▓▓▓▓▓▓            ┃10
 11┃                                         🐻                                     ▓▓▓▓▓▓▓▓▓▓▓▓▓▓▓▓▓▓▓▓▓▓▓▓▓▓▓▓            ┃11
 12┃     🧍              🐻      🐻     ▓▓▓▓ 🐻     ▓▓▓▓ 🐻                     ▓▓▓▓▓▓▓▓▓▓▓▓▓▓▓▓▓▓▓▓▓▓▓▓▓▓▓▓▓▓▓▓         🚪 ┃12
 13┃▓▓▓▓▓▓▓▓▓▓▓▓▓▓▓▓▓▓▓▓▓▓▓▓▓▓▓▓▓▓▓▓▓▓▓▓▓▓▓▓▓▓▓▓▓▓▓▓▓▓▓▓▓▓▓▓▓▓▓▓        ▓▓▓▓▓▓▓▓▓▓▓▓▓▓▓▓▓▓▓▓▓▓▓▓▓▓▓▓▓▓▓▓▓▓▓▓▓▓▓▓▓▓▓▓▓▓▓▓▓▓▓▓┃13
 14┃▓▓▓▓▓▓▓▓▓▓▓▓▓▓▓▓▓▓▓▓▓▓▓▓▓▓▓▓▓▓▓▓▓▓▓▓▓▓▓▓▓▓▓▓▓▓▓▓▓▓▓▓▓▓▓▓▓▓▓▓        ▓▓▓▓▓▓▓▓▓▓▓▓▓▓▓▓▓▓▓▓▓▓▓▓▓▓▓▓▓▓▓▓▓▓▓▓▓▓▓▓▓▓▓▓▓▓▓▓▓▓▓▓┃14
   └————————————————————————————————————————————————————————————————————————————————————————————————————————————————————————┘
     0   1   2   3   4   5   6   7   8   9   10  11  12  13  14  15  16  17  18  19  20  21  22  23  24  25  26  27  28  29 

Command > [DEBUG] Executing: ao (12,2) Goomba LEFT

Time: 99
Points: 200
Lives: 3

     0   1   2   3   4   5   6   7   8   9   10  11  12  13  14  15  16  17  18  19  20  21  22  23  24  25  26  27  28  29 
   ┌————————————————————————————————————————————————————————————————————————————————————————————————————————————————————————┐
  0┃                                                                                                                        ┃0
  1┃                                                                             🐻                                         ┃1
  2┃                                                                                                                        ┃2
  3┃                                                                                                                        ┃3
  4┃                     🐻                                                                                                 ┃4
  5┃                        ▓▓▓▓                                                                            ▓▓▓▓            ┃5
  6┃                                                                                                    ▓▓▓▓▓▓▓▓            ┃6
  7┃                                                                                                ▓▓▓▓▓▓▓▓▓▓▓▓            ┃7
  8┃                                                                                            ▓▓▓▓▓▓▓▓▓▓▓▓▓▓▓▓            ┃8
  9┃        ▓▓▓▓        ▓▓▓▓▓▓▓▓▓▓▓▓                                                        ▓▓▓▓▓▓▓▓▓▓▓▓▓▓▓▓▓▓▓▓            ┃9
 10┃                                                                                    ▓▓▓▓▓▓▓▓▓▓▓▓▓▓▓▓▓▓▓▓▓▓▓▓            ┃10
 11┃                                         🐻                                     ▓▓▓▓▓▓▓▓▓▓▓▓▓▓▓▓▓▓▓▓▓▓▓▓▓▓▓▓            ┃11
 12┃     🧍  🐻          🐻      🐻     ▓▓▓▓ 🐻     ▓▓▓▓ 🐻                     ▓▓▓▓▓▓▓▓▓▓▓▓▓▓▓▓▓▓▓▓▓▓▓▓▓▓▓▓▓▓▓▓         🚪 ┃12
 13┃▓▓▓▓▓▓▓▓▓▓▓▓▓▓▓▓▓▓▓▓▓▓▓▓▓▓▓▓▓▓▓▓▓▓▓▓▓▓▓▓▓▓▓▓▓▓▓▓▓▓▓▓▓▓▓▓▓▓▓▓        ▓▓▓▓▓▓▓▓▓▓▓▓▓▓▓▓▓▓▓▓▓▓▓▓▓▓▓▓▓▓▓▓▓▓▓▓▓▓▓▓▓▓▓▓▓▓▓▓▓▓▓▓┃13
 14┃▓▓▓▓▓▓▓▓▓▓▓▓▓▓▓▓▓▓▓▓▓▓▓▓▓▓▓▓▓▓▓▓▓▓▓▓▓▓▓▓▓▓▓▓▓▓▓▓▓▓▓▓▓▓▓▓▓▓▓▓        ▓▓▓▓▓▓▓▓▓▓▓▓▓▓▓▓▓▓▓▓▓▓▓▓▓▓▓▓▓▓▓▓▓▓▓▓▓▓▓▓▓▓▓▓▓▓▓▓▓▓▓▓┃14
   └————————————————————————————————————————————————————————————————————————————————————————————————————————————————————————┘
     0   1   2   3   4   5   6   7   8   9   10  11  12  13  14  15  16  17  18  19  20  21  22  23  24  25  26  27  28  29 

Command > [DEBUG] Executing: ao (12,2) Goomba RIGht

Time: 99
Points: 200
Lives: 3

     0   1   2   3   4   5   6   7   8   9   10  11  12  13  14  15  16  17  18  19  20  21  22  23  24  25  26  27  28  29 
   ┌————————————————————————————————————————————————————————————————————————————————————————————————————————————————————————┐
  0┃                                                                                                                        ┃0
  1┃                                                                             🐻                                         ┃1
  2┃                                                                                                                        ┃2
  3┃                                                                                                                        ┃3
  4┃                     🐻                                                                                                 ┃4
  5┃                        ▓▓▓▓                                                                            ▓▓▓▓            ┃5
  6┃                                                                                                    ▓▓▓▓▓▓▓▓            ┃6
  7┃                                                                                                ▓▓▓▓▓▓▓▓▓▓▓▓            ┃7
  8┃                                                                                            ▓▓▓▓▓▓▓▓▓▓▓▓▓▓▓▓            ┃8
  9┃        ▓▓▓▓        ▓▓▓▓▓▓▓▓▓▓▓▓                                                        ▓▓▓▓▓▓▓▓▓▓▓▓▓▓▓▓▓▓▓▓            ┃9
 10┃                                                                                    ▓▓▓▓▓▓▓▓▓▓▓▓▓▓▓▓▓▓▓▓▓▓▓▓            ┃10
 11┃                                         🐻                                     ▓▓▓▓▓▓▓▓▓▓▓▓▓▓▓▓▓▓▓▓▓▓▓▓▓▓▓▓            ┃11
 12┃     🧍 🐻🐻         🐻      🐻     ▓▓▓▓ 🐻     ▓▓▓▓ 🐻                     ▓▓▓▓▓▓▓▓▓▓▓▓▓▓▓▓▓▓▓▓▓▓▓▓▓▓▓▓▓▓▓▓         🚪 ┃12
 13┃▓▓▓▓▓▓▓▓▓▓▓▓▓▓▓▓▓▓▓▓▓▓▓▓▓▓▓▓▓▓▓▓▓▓▓▓▓▓▓▓▓▓▓▓▓▓▓▓▓▓▓▓▓▓▓▓▓▓▓▓        ▓▓▓▓▓▓▓▓▓▓▓▓▓▓▓▓▓▓▓▓▓▓▓▓▓▓▓▓▓▓▓▓▓▓▓▓▓▓▓▓▓▓▓▓▓▓▓▓▓▓▓▓┃13
 14┃▓▓▓▓▓▓▓▓▓▓▓▓▓▓▓▓▓▓▓▓▓▓▓▓▓▓▓▓▓▓▓▓▓▓▓▓▓▓▓▓▓▓▓▓▓▓▓▓▓▓▓▓▓▓▓▓▓▓▓▓        ▓▓▓▓▓▓▓▓▓▓▓▓▓▓▓▓▓▓▓▓▓▓▓▓▓▓▓▓▓▓▓▓▓▓▓▓▓▓▓▓▓▓▓▓▓▓▓▓▓▓▓▓┃14
   └————————————————————————————————————————————————————————————————————————————————————————————————————————————————————————┘
     0   1   2   3   4   5   6   7   8   9   10  11  12  13  14  15  16  17  18  19  20  21  22  23  24  25  26  27  28  29 

Command > [DEBUG] Executing: 

Time: 100
Points: 300
Lives: 2

     0   1   2   3   4   5   6   7   8   9   10  11  12  13  14  15  16  17  18  19  20  21  22  23  24  25  26  27  28  29 
   ┌————————————————————————————————————————————————————————————————————————————————————————————————————————————————————————┐
  0┃                                                                             🐻                                         ┃0
  1┃                                                                                                                        ┃1
  2┃                                                                                                                        ┃2
  3┃                                                                                                                        ┃3
  4┃                         🐻                                                                                             ┃4
  5┃                        ▓▓▓▓                                                                            ▓▓▓▓            ┃5
  6┃                                                                                                    ▓▓▓▓▓▓▓▓            ┃6
  7┃                                                                                                ▓▓▓▓▓▓▓▓▓▓▓▓            ┃7
  8┃                                                                                            ▓▓▓▓▓▓▓▓▓▓▓▓▓▓▓▓            ┃8
  9┃        ▓▓▓▓        ▓▓▓▓▓▓▓▓▓▓▓▓                                                        ▓▓▓▓▓▓▓▓▓▓▓▓▓▓▓▓▓▓▓▓            ┃9
 10┃                                         🐻                                         ▓▓▓▓▓▓▓▓▓▓▓▓▓▓▓▓▓▓▓▓▓▓▓▓            ┃10
 11┃ 🧍                                                                             ▓▓▓▓▓▓▓▓▓▓▓▓▓▓▓▓▓▓▓▓▓▓▓▓▓▓▓▓            ┃11
 12┃ 🧍                      🐻      🐻 ▓▓▓▓     🐻 ▓▓▓▓     🐻                 ▓▓▓▓▓▓▓▓▓▓▓▓▓▓▓▓▓▓▓▓▓▓▓▓▓▓▓▓▓▓▓▓         🚪 ┃12
 13┃▓▓▓▓▓▓▓▓▓▓▓▓▓▓▓▓▓▓▓▓▓▓▓▓▓▓▓▓▓▓▓▓▓▓▓▓▓▓▓▓▓▓▓▓▓▓▓▓▓▓▓▓▓▓▓▓▓▓▓▓        ▓▓▓▓▓▓▓▓▓▓▓▓▓▓▓▓▓▓▓▓▓▓▓▓▓▓▓▓▓▓▓▓▓▓▓▓▓▓▓▓▓▓▓▓▓▓▓▓▓▓▓▓┃13
 14┃▓▓▓▓▓▓▓▓▓▓▓▓▓▓▓▓▓▓▓▓▓▓▓▓▓▓▓▓▓▓▓▓▓▓▓▓▓▓▓▓▓▓▓▓▓▓▓▓▓▓▓▓▓▓▓▓▓▓▓▓        ▓▓▓▓▓▓▓▓▓▓▓▓▓▓▓▓▓▓▓▓▓▓▓▓▓▓▓▓▓▓▓▓▓▓▓▓▓▓▓▓▓▓▓▓▓▓▓▓▓▓▓▓┃14
   └————————————————————————————————————————————————————————————————————————————————————————————————————————————————————————┘
     0   1   2   3   4   5   6   7   8   9   10  11  12  13  14  15  16  17  18  19  20  21  22  23  24  25  26  27  28  29 

Command > [DEBUG] Executing: 

Time: 99
Points: 300
Lives: 2

     0   1   2   3   4   5   6   7   8   9   10  11  12  13  14  15  16  17  18  19  20  21  22  23  24  25  26  27  28  29 
   ┌————————————————————————————————————————————————————————————————————————————————————————————————————————————————————————┐
  0┃                                                                                                                        ┃0
  1┃                                                                             🐻                                         ┃1
  2┃                                                                                                                        ┃2
  3┃                                                                                                                        ┃3
  4┃                     🐻                                                                                                 ┃4
  5┃                        ▓▓▓▓                                                                            ▓▓▓▓            ┃5
  6┃                                                                                                    ▓▓▓▓▓▓▓▓            ┃6
  7┃                                                                                                ▓▓▓▓▓▓▓▓▓▓▓▓            ┃7
  8┃                                                                                            ▓▓▓▓▓▓▓▓▓▓▓▓▓▓▓▓            ┃8
  9┃        ▓▓▓▓        ▓▓▓▓▓▓▓▓▓▓▓▓                                                        ▓▓▓▓▓▓▓▓▓▓▓▓▓▓▓▓▓▓▓▓            ┃9
 10┃                                                                                    ▓▓▓▓▓▓▓▓▓▓▓▓▓▓▓▓▓▓▓▓▓▓▓▓            ┃10
 11┃     🧍                                  🐻                                     ▓▓▓▓▓▓▓▓▓▓▓▓▓▓▓▓▓▓▓▓▓▓▓▓▓▓▓▓            ┃11
 12┃     🧍              🐻      🐻     ▓▓▓▓ 🐻     ▓▓▓▓ 🐻                     ▓▓▓▓▓▓▓▓▓▓▓▓▓▓▓▓▓▓▓▓▓▓▓▓▓▓▓▓▓▓▓▓         🚪 ┃12
 13┃▓▓▓▓▓▓▓▓▓▓▓▓▓▓▓▓▓▓▓▓▓▓▓▓▓▓▓▓▓▓▓▓▓▓▓▓▓▓▓▓▓▓▓▓▓▓▓▓▓▓▓▓▓▓▓▓▓▓▓▓        ▓▓▓▓▓▓▓▓▓▓▓▓▓▓▓▓▓▓▓▓▓▓▓▓▓▓▓▓▓▓▓▓▓▓▓▓▓▓▓▓▓▓▓▓▓▓▓▓▓▓▓▓┃13
 14┃▓▓▓▓▓▓▓▓▓▓▓▓▓▓▓▓▓▓▓▓▓▓▓▓▓▓▓▓▓▓▓▓▓▓▓▓▓▓▓▓▓▓▓▓▓▓▓▓▓▓▓▓▓▓▓▓▓▓▓▓        ▓▓▓▓▓▓▓▓▓▓▓▓▓▓▓▓▓▓▓▓▓▓▓▓▓▓▓▓▓▓▓▓▓▓▓▓▓▓▓▓▓▓▓▓▓▓▓▓▓▓▓▓┃14
   └————————————————————————————————————————————————————————————————————————————————————————————————————————————————————————┘
     0   1   2   3   4   5   6   7   8   9   10  11  12  13  14  15  16  17  18  19  20  21  22  23  24  25  26  27  28  29 

Command > [DEBUG] Executing: ao (9,1) Goomba LEFT

Time: 99
Points: 300
Lives: 2

     0   1   2   3   4   5   6   7   8   9   10  11  12  13  14  15  16  17  18  19  20  21  22  23  24  25  26  27  28  29 
   ┌————————————————————————————————————————————————————————————————————————————————————————————————————————————————————————┐
  0┃                                                                                                                        ┃0
  1┃                                                                             🐻                                         ┃1
  2┃                                                                                                                        ┃2
  3┃                                                                                                                        ┃3
  4┃                     🐻                                                                                                 ┃4
  5┃                        ▓▓▓▓                                                                            ▓▓▓▓            ┃5
  6┃                                                                                                    ▓▓▓▓▓▓▓▓            ┃6
  7┃                                                                                                ▓▓▓▓▓▓▓▓▓▓▓▓            ┃7
  8┃                                                                                            ▓▓▓▓▓▓▓▓▓▓▓▓▓▓▓▓            ┃8
  9┃     🐻 ▓▓▓▓        ▓▓▓▓▓▓▓▓▓▓▓▓                                                        ▓▓▓▓▓▓▓▓▓▓▓▓▓▓▓▓▓▓▓▓            ┃9
 10┃                                                                                    ▓▓▓▓▓▓▓▓▓▓▓▓▓▓▓▓▓▓▓▓▓▓▓▓            ┃10
 11┃     🧍                                  🐻                                     ▓▓▓▓▓▓▓▓▓▓▓▓▓▓▓▓▓▓▓▓▓▓▓▓▓▓▓▓            ┃11
 12┃     🧍              🐻      🐻     ▓▓▓▓ 🐻     ▓▓▓▓ 🐻                     ▓▓▓▓▓▓▓▓▓▓▓▓▓▓▓▓▓▓▓▓▓▓▓▓▓▓▓▓▓▓▓▓         🚪 ┃12
 13┃▓▓▓▓▓▓▓▓▓▓▓▓▓▓▓▓▓▓▓▓▓▓▓▓▓▓▓▓▓▓▓▓▓▓▓▓▓▓▓▓▓▓▓▓▓▓▓▓▓▓▓▓▓▓▓▓▓▓▓▓        ▓▓▓▓▓▓▓▓▓▓▓▓▓▓▓▓▓▓▓▓▓▓▓▓▓▓▓▓▓▓▓▓▓▓▓▓▓▓▓▓▓▓▓▓▓▓▓▓▓▓▓▓┃13
 14┃▓▓▓▓▓▓▓▓▓▓▓▓▓▓▓▓▓▓▓▓▓▓▓▓▓▓▓▓▓▓▓▓▓▓▓▓▓▓▓▓▓▓▓▓▓▓▓▓▓▓▓▓▓▓▓▓▓▓▓▓        ▓▓▓▓▓▓▓▓▓▓▓▓▓▓▓▓▓▓▓▓▓▓▓▓▓▓▓▓▓▓▓▓▓▓▓▓▓▓▓▓▓▓▓▓▓▓▓▓▓▓▓▓┃14
   └————————————————————————————————————————————————————————————————————————————————————————————————————————————————————————┘
     0   1   2   3   4   5   6   7   8   9   10  11  12  13  14  15  16  17  18  19  20  21  22  23  24  25  26  27  28  29 

Command > [DEBUG] Executing: ao (10,1) Goomba RIGht

Time: 99
Points: 300
Lives: 2

     0   1   2   3   4   5   6   7   8   9   10  11  12  13  14  15  16  17  18  19  20  21  22  23  24  25  26  27  28  29 
   ┌————————————————————————————————————————————————————————————————————————————————————————————————————————————————————————┐
  0┃                                                                                                                        ┃0
  1┃                                                                             🐻                                         ┃1
  2┃                                                                                                                        ┃2
  3┃                                                                                                                        ┃3
  4┃                     🐻                                                                                                 ┃4
  5┃                        ▓▓▓▓                                                                            ▓▓▓▓            ┃5
  6┃                                                                                                    ▓▓▓▓▓▓▓▓            ┃6
  7┃                                                                                                ▓▓▓▓▓▓▓▓▓▓▓▓            ┃7
  8┃                                                                                            ▓▓▓▓▓▓▓▓▓▓▓▓▓▓▓▓            ┃8
  9┃     🐻 ▓▓▓▓        ▓▓▓▓▓▓▓▓▓▓▓▓                                                        ▓▓▓▓▓▓▓▓▓▓▓▓▓▓▓▓▓▓▓▓            ┃9
 10┃     🐻                                                                             ▓▓▓▓▓▓▓▓▓▓▓▓▓▓▓▓▓▓▓▓▓▓▓▓            ┃10
 11┃     🧍                                  🐻                                     ▓▓▓▓▓▓▓▓▓▓▓▓▓▓▓▓▓▓▓▓▓▓▓▓▓▓▓▓            ┃11
 12┃     🧍              🐻      🐻     ▓▓▓▓ 🐻     ▓▓▓▓ 🐻                     ▓▓▓▓▓▓▓▓▓▓▓▓▓▓▓▓▓▓▓▓▓▓▓▓▓▓▓▓▓▓▓▓         🚪 ┃12
 13┃▓▓▓▓▓▓▓▓▓▓▓▓▓▓▓▓▓▓▓▓▓▓▓▓▓▓▓▓▓▓▓▓▓▓▓▓▓▓▓▓▓▓▓▓▓▓▓▓▓▓▓▓▓▓▓▓▓▓▓▓        ▓▓▓▓▓▓▓▓▓▓▓▓▓▓▓▓▓▓▓▓▓▓▓▓▓▓▓▓▓▓▓▓▓▓▓▓▓▓▓▓▓▓▓▓▓▓▓▓▓▓▓▓┃13
 14┃▓▓▓▓▓▓▓▓▓▓▓▓▓▓▓▓▓▓▓▓▓▓▓▓▓▓▓▓▓▓▓▓▓▓▓▓▓▓▓▓▓▓▓▓▓▓▓▓▓▓▓▓▓▓▓▓▓▓▓▓        ▓▓▓▓▓▓▓▓▓▓▓▓▓▓▓▓▓▓▓▓▓▓▓▓▓▓▓▓▓▓▓▓▓▓▓▓▓▓▓▓▓▓▓▓▓▓▓▓▓▓▓▓┃14
   └————————————————————————————————————————————————————————————————————————————————————————————————————————————————————————┘
     0   1   2   3   4   5   6   7   8   9   10  11  12  13  14  15  16  17  18  19  20  21  22  23  24  25  26  27  28  29 

Command > [DEBUG] Executing: action up up up up

Time: 100
Points: 500
Lives: 1

     0   1   2   3   4   5   6   7   8   9   10  11  12  13  14  15  16  17  18  19  20  21  22  23  24  25  26  27  28  29 
   ┌————————————————————————————————————————————————————————————————————————————————————————————————————————————————————————┐
  0┃                                                                             🐻                                         ┃0
  1┃                                                                                                                        ┃1
  2┃                                                                                                                        ┃2
  3┃                                                                                                                        ┃3
  4┃                         🐻                                                                                             ┃4
  5┃                        ▓▓▓▓                                                                            ▓▓▓▓            ┃5
  6┃                                                                                                    ▓▓▓▓▓▓▓▓            ┃6
  7┃                                                                                                ▓▓▓▓▓▓▓▓▓▓▓▓            ┃7
  8┃                                                                                            ▓▓▓▓▓▓▓▓▓▓▓▓▓▓▓▓            ┃8
  9┃        ▓▓▓▓        ▓▓▓▓▓▓▓▓▓▓▓▓                                                        ▓▓▓▓▓▓▓▓▓▓▓▓▓▓▓▓▓▓▓▓            ┃9
 10┃                                         🐻                                         ▓▓▓▓▓▓▓▓▓▓▓▓▓▓▓▓▓▓▓▓▓▓▓▓            ┃10
 11┃ 🧍                                                                             ▓▓▓▓▓▓▓▓▓▓▓▓▓▓▓▓▓▓▓▓▓▓▓▓▓▓▓▓            ┃11
 12┃ 🧍                      🐻      🐻 ▓▓▓▓     🐻 ▓▓▓▓     🐻                 ▓▓▓▓▓▓▓▓▓▓▓▓▓▓▓▓▓▓▓▓▓▓▓▓▓▓▓▓▓▓▓▓         🚪 ┃12
 13┃▓▓▓▓▓▓▓▓▓▓▓▓▓▓▓▓▓▓▓▓▓▓▓▓▓▓▓▓▓▓▓▓▓▓▓▓▓▓▓▓▓▓▓▓▓▓▓▓▓▓▓▓▓▓▓▓▓▓▓▓        ▓▓▓▓▓▓▓▓▓▓▓▓▓▓▓▓▓▓▓▓▓▓▓▓▓▓▓▓▓▓▓▓▓▓▓▓▓▓▓▓▓▓▓▓▓▓▓▓▓▓▓▓┃13
 14┃▓▓▓▓▓▓▓▓▓▓▓▓▓▓▓▓▓▓▓▓▓▓▓▓▓▓▓▓▓▓▓▓▓▓▓▓▓▓▓▓▓▓▓▓▓▓▓▓▓▓▓▓▓▓▓▓▓▓▓▓        ▓▓▓▓▓▓▓▓▓▓▓▓▓▓▓▓▓▓▓▓▓▓▓▓▓▓▓▓▓▓▓▓▓▓▓▓▓▓▓▓▓▓▓▓▓▓▓▓▓▓▓▓┃14
   └————————————————————————————————————————————————————————————————————————————————————————————————————————————————————————┘
     0   1   2   3   4   5   6   7   8   9   10  11  12  13  14  15  16  17  18  19  20  21  22  23  24  25  26  27  28  29 

Command > [DEBUG] Executing: ao (12,2) ED

Time: 100
Points: 500
Lives: 1

     0   1   2   3   4   5   6   7   8   9   10  11  12  13  14  15  16  17  18  19  20  21  22  23  24  25  26  27  28  29 
   ┌————————————————————————————————————————————————————————————————————————————————————————————————————————————————————————┐
  0┃                                                                             🐻                                         ┃0
  1┃                                                                                                                        ┃1
  2┃                                                                                                                        ┃2
  3┃                                                                                                                        ┃3
  4┃                         🐻                                                                                             ┃4
  5┃                        ▓▓▓▓                                                                            ▓▓▓▓            ┃5
  6┃                                                                                                    ▓▓▓▓▓▓▓▓            ┃6
  7┃                                                                                                ▓▓▓▓▓▓▓▓▓▓▓▓            ┃7
  8┃                                                                                            ▓▓▓▓▓▓▓▓▓▓▓▓▓▓▓▓            ┃8
  9┃        ▓▓▓▓        ▓▓▓▓▓▓▓▓▓▓▓▓                                                        ▓▓▓▓▓▓▓▓▓▓▓▓▓▓▓▓▓▓▓▓            ┃9
 10┃                                         🐻                                         ▓▓▓▓▓▓▓▓▓▓▓▓▓▓▓▓▓▓▓▓▓▓▓▓            ┃10
 11┃ 🧍                                                                             ▓▓▓▓▓▓▓▓▓▓▓▓▓▓▓▓▓▓▓▓▓▓▓▓▓▓▓▓            ┃11
 12┃ 🧍      🚪              🐻      🐻 ▓▓▓▓     🐻 ▓▓▓▓     🐻                 ▓▓▓▓▓▓▓▓▓▓▓▓▓▓▓▓▓▓▓▓▓▓▓▓▓▓▓▓▓▓▓▓         🚪 ┃12
 13┃▓▓▓▓▓▓▓▓▓▓▓▓▓▓▓▓▓▓▓▓▓▓▓▓▓▓▓▓▓▓▓▓▓▓▓▓▓▓▓▓▓▓▓▓▓▓▓▓▓▓▓▓▓▓▓▓▓▓▓▓        ▓▓▓▓▓▓▓▓▓▓▓▓▓▓▓▓▓▓▓▓▓▓▓▓▓▓▓▓▓▓▓▓▓▓▓▓▓▓▓▓▓▓▓▓▓▓▓▓▓▓▓▓┃13
 14┃▓▓▓▓▓▓▓▓▓▓▓▓▓▓▓▓▓▓▓▓▓▓▓▓▓▓▓▓▓▓▓▓▓▓▓▓▓▓▓▓▓▓▓▓▓▓▓▓▓▓▓▓▓▓▓▓▓▓▓▓        ▓▓▓▓▓▓▓▓▓▓▓▓▓▓▓▓▓▓▓▓▓▓▓▓▓▓▓▓▓▓▓▓▓▓▓▓▓▓▓▓▓▓▓▓▓▓▓▓▓▓▓▓┃14
   └————————————————————————————————————————————————————————————————————————————————————————————————————————————————————————┘
     0   1   2   3   4   5   6   7   8   9   10  11  12  13  14  15  16  17  18  19  20  21  22  23  24  25  26  27  28  29 

Command > [DEBUG] Executing: 

Time: 99
Points: 500
Lives: 1

     0   1   2   3   4   5   6   7   8   9   10  11  12  13  14  15  16  17  18  19  20  21  22  23  24  25  26  27  28  29 
   ┌————————————————————————————————————————————————————————————————————————————————————————————————————————————————————————┐
  0┃                                                                                                                        ┃0
  1┃                                                                             🐻                                         ┃1
  2┃                                                                                                                        ┃2
  3┃                                                                                                                        ┃3
  4┃                     🐻                                                                                                 ┃4
  5┃                        ▓▓▓▓                                                                            ▓▓▓▓            ┃5
  6┃                                                                                                    ▓▓▓▓▓▓▓▓            ┃6
  7┃                                                                                                ▓▓▓▓▓▓▓▓▓▓▓▓            ┃7
  8┃                                                                                            ▓▓▓▓▓▓▓▓▓▓▓▓▓▓▓▓            ┃8
  9┃        ▓▓▓▓        ▓▓▓▓▓▓▓▓▓▓▓▓                                                        ▓▓▓▓▓▓▓▓▓▓▓▓▓▓▓▓▓▓▓▓            ┃9
 10┃                                                                                    ▓▓▓▓▓▓▓▓▓▓▓▓▓▓▓▓▓▓▓▓▓▓▓▓            ┃10
 11┃     🧍                                  🐻                                     ▓▓▓▓▓▓▓▓▓▓▓▓▓▓▓▓▓▓▓▓▓▓▓▓▓▓▓▓            ┃11
 12┃     🧍  🚪          🐻      🐻     ▓▓▓▓ 🐻     ▓▓▓▓ 🐻                     ▓▓▓▓▓▓▓▓▓▓▓▓▓▓▓▓▓▓▓▓▓▓▓▓▓▓▓▓▓▓▓▓         🚪 ┃12
 13┃▓▓▓▓▓▓▓▓▓▓▓▓▓▓▓▓▓▓▓▓▓▓▓▓▓▓▓▓▓▓▓▓▓▓▓▓▓▓▓▓▓▓▓▓▓▓▓▓▓▓▓▓▓▓▓▓▓▓▓▓        ▓▓▓▓▓▓▓▓▓▓▓▓▓▓▓▓▓▓▓▓▓▓▓▓▓▓▓▓▓▓▓▓▓▓▓▓▓▓▓▓▓▓▓▓▓▓▓▓▓▓▓▓┃13
 14┃▓▓▓▓▓▓▓▓▓▓▓▓▓▓▓▓▓▓▓▓▓▓▓▓▓▓▓▓▓▓▓▓▓▓▓▓▓▓▓▓▓▓▓▓▓▓▓▓▓▓▓▓▓▓▓▓▓▓▓▓        ▓▓▓▓▓▓▓▓▓▓▓▓▓▓▓▓▓▓▓▓▓▓▓▓▓▓▓▓▓▓▓▓▓▓▓▓▓▓▓▓▓▓▓▓▓▓▓▓▓▓▓▓┃14
   └————————————————————————————————————————————————————————————————————————————————————————————————————————————————————————┘
     0   1   2   3   4   5   6   7   8   9   10  11  12  13  14  15  16  17  18  19  20  21  22  23  24  25  26  27  28  29 

Command > [DEBUG] Executing: 

Time: 0
Points: 1480
Lives: 1

     0   1   2   3   4   5   6   7   8   9   10  11  12  13  14  15  16  17  18  19  20  21  22  23  24  25  26  27  28  29 
   ┌————————————————————————————————————————————————————————————————————————————————————————————————————————————————————————┐
  0┃                                                                                                                        ┃0
  1┃                                                                                                                        ┃1
  2┃                                                                             🐻                                         ┃2
  3┃                                                                                                                        ┃3
  4┃                                                                                                                        ┃4
  5┃                     🐻 ▓▓▓▓                                                                            ▓▓▓▓            ┃5
  6┃                                                                                                    ▓▓▓▓▓▓▓▓            ┃6
  7┃                                                                                                ▓▓▓▓▓▓▓▓▓▓▓▓            ┃7
  8┃                                                                                            ▓▓▓▓▓▓▓▓▓▓▓▓▓▓▓▓            ┃8
  9┃        ▓▓▓▓        ▓▓▓▓▓▓▓▓▓▓▓▓                                                        ▓▓▓▓▓▓▓▓▓▓▓▓▓▓▓▓▓▓▓▓            ┃9
 10┃                                                                                    ▓▓▓▓▓▓▓▓▓▓▓▓▓▓▓▓▓▓▓▓▓▓▓▓            ┃10
 11┃         🧍                                                                     ▓▓▓▓▓▓▓▓▓▓▓▓▓▓▓▓▓▓▓▓▓▓▓▓▓▓▓▓            ┃11
 12┃        🧍🚪     🐻      🐻         ▓▓▓▓🐻🐻    ▓▓▓▓ 🐻                     ▓▓▓▓▓▓▓▓▓▓▓▓▓▓▓▓▓▓▓▓▓▓▓▓▓▓▓▓▓▓▓▓         🚪 ┃12
 13┃▓▓▓▓▓▓▓▓▓▓▓▓▓▓▓▓▓▓▓▓▓▓▓▓▓▓▓▓▓▓▓▓▓▓▓▓▓▓▓▓▓▓▓▓▓▓▓▓▓▓▓▓▓▓▓▓▓▓▓▓        ▓▓▓▓▓▓▓▓▓▓▓▓▓▓▓▓▓▓▓▓▓▓▓▓▓▓▓▓▓▓▓▓▓▓▓▓▓▓▓▓▓▓▓▓▓▓▓▓▓▓▓▓┃13
 14┃▓▓▓▓▓▓▓▓▓▓▓▓▓▓▓▓▓▓▓▓▓▓▓▓▓▓▓▓▓▓▓▓▓▓▓▓▓▓▓▓▓▓▓▓▓▓▓▓▓▓▓▓▓▓▓▓▓▓▓▓        ▓▓▓▓▓▓▓▓▓▓▓▓▓▓▓▓▓▓▓▓▓▓▓▓▓▓▓▓▓▓▓▓▓▓▓▓▓▓▓▓▓▓▓▓▓▓▓▓▓▓▓▓┃14
   └————————————————————————————————————————————————————————————————————————————————————————————————————————————————————————┘
     0   1   2   3   4   5   6   7   8   9   10  11  12  13  14  15  16  17  18  19  20  21  22  23  24  25  26  27  28  29 

Thanks, Mario! Your mission is complete.
